Archive member included because of file (symbol)

c:/winavr-20100110/bin/../lib/gcc/avr/4.3.3/avr4\libgcc.a(_udivmodqi4.o)
                              main.o (__udivmodqi4)
c:/winavr-20100110/bin/../lib/gcc/avr/4.3.3/avr4\libgcc.a(_udivmodhi4.o)
                              main.o (__udivmodhi4)
c:/winavr-20100110/bin/../lib/gcc/avr/4.3.3/avr4\libgcc.a(_udivmodsi4.o)
                              main.o (__udivmodsi4)
c:/winavr-20100110/bin/../lib/gcc/avr/4.3.3/avr4\libgcc.a(_exit.o)
                              c:/winavr-20100110/bin/../lib/gcc/avr/4.3.3/../../../../avr/lib/avr4/crtm8.o (exit)
c:/winavr-20100110/bin/../lib/gcc/avr/4.3.3/avr4\libgcc.a(_copy_data.o)
                              main.o (__do_copy_data)
c:/winavr-20100110/bin/../lib/gcc/avr/4.3.3/avr4\libgcc.a(_clear_bss.o)
                              main.o (__do_clear_bss)
c:/winavr-20100110/bin/../lib/gcc/avr/4.3.3/../../../../avr/lib/avr4\libc.a(fdevopen.o)
                              uart.o (fdevopen)
c:/winavr-20100110/bin/../lib/gcc/avr/4.3.3/../../../../avr/lib/avr4\libc.a(iob.o)
                              c:/winavr-20100110/bin/../lib/gcc/avr/4.3.3/../../../../avr/lib/avr4\libc.a(fdevopen.o) (__iob)
c:/winavr-20100110/bin/../lib/gcc/avr/4.3.3/../../../../avr/lib/avr4\libc.a(calloc.o)
                              c:/winavr-20100110/bin/../lib/gcc/avr/4.3.3/../../../../avr/lib/avr4\libc.a(fdevopen.o) (calloc)
c:/winavr-20100110/bin/../lib/gcc/avr/4.3.3/../../../../avr/lib/avr4\libc.a(malloc.o)
                              c:/winavr-20100110/bin/../lib/gcc/avr/4.3.3/../../../../avr/lib/avr4\libc.a(calloc.o) (malloc)
c:/winavr-20100110/bin/../lib/gcc/avr/4.3.3/../../../../avr/lib/avr4\libc.a(memset.o)
                              c:/winavr-20100110/bin/../lib/gcc/avr/4.3.3/../../../../avr/lib/avr4\libc.a(calloc.o) (memset)

Allocating common symbols
Common symbol       size              file

MeineSlaveAdresse   0x1               uart.o
SendeBuffer         0x64              uart.o
DrehZahlTabelle     0x200             main.o
Timer0Overflow      0x1               timer0.o
Debug_Timer         0x2               uart.o
__brkval            0x2               c:/winavr-20100110/bin/../lib/gcc/avr/4.3.3/../../../../avr/lib/avr4\libc.a(malloc.o)
RxdBuffer           0x64              uart.o
DebugOut            0x22              uart.o
I2C_RXBuffer        0x1               twislave.o
__flp               0x2               c:/winavr-20100110/bin/../lib/gcc/avr/4.3.3/../../../../avr/lib/avr4\libc.a(malloc.o)
__iob               0x6               c:/winavr-20100110/bin/../lib/gcc/avr/4.3.3/../../../../avr/lib/avr4\libc.a(iob.o)

Memory Configuration

Name             Origin             Length             Attributes
text             0x00000000         0x00002000         xr
data             0x00800060         0x0000ffa0         rw !x
eeprom           0x00810000         0x00010000         rw !x
fuse             0x00820000         0x00000400         rw !x
lock             0x00830000         0x00000400         rw !x
signature        0x00840000         0x00000400         rw !x
*default*        0x00000000         0xffffffff

Linker script and memory map

LOAD c:/winavr-20100110/bin/../lib/gcc/avr/4.3.3/../../../../avr/lib/avr4/crtm8.o
LOAD main.o
LOAD uart.o
LOAD timer0.o
LOAD analog.o
LOAD PPM_Decode.o
LOAD twislave.o
LOAD BLMC.o
LOAD c:/winavr-20100110/bin/../lib/gcc/avr/4.3.3/../../../../avr/lib/avr4\libm.a
LOAD c:/winavr-20100110/bin/../lib/gcc/avr/4.3.3/avr4\libgcc.a
LOAD c:/winavr-20100110/bin/../lib/gcc/avr/4.3.3/../../../../avr/lib/avr4\libc.a
LOAD c:/winavr-20100110/bin/../lib/gcc/avr/4.3.3/avr4\libgcc.a

.hash
 *(.hash)

.dynsym
 *(.dynsym)

.dynstr
 *(.dynstr)

.gnu.version
 *(.gnu.version)

.gnu.version_d
 *(.gnu.version_d)

.gnu.version_r
 *(.gnu.version_r)

.rel.init
 *(.rel.init)

.rela.init
 *(.rela.init)

.rel.text
 *(.rel.text)
 *(.rel.text.*)
 *(.rel.gnu.linkonce.t*)

.rela.text
 *(.rela.text)
 *(.rela.text.*)
 *(.rela.gnu.linkonce.t*)

.rel.fini
 *(.rel.fini)

.rela.fini
 *(.rela.fini)

.rel.rodata
 *(.rel.rodata)
 *(.rel.rodata.*)
 *(.rel.gnu.linkonce.r*)

.rela.rodata
 *(.rela.rodata)
 *(.rela.rodata.*)
 *(.rela.gnu.linkonce.r*)

.rel.data
 *(.rel.data)
 *(.rel.data.*)
 *(.rel.gnu.linkonce.d*)

.rela.data
 *(.rela.data)
 *(.rela.data.*)
 *(.rela.gnu.linkonce.d*)

.rel.ctors
 *(.rel.ctors)

.rela.ctors
 *(.rela.ctors)

.rel.dtors
 *(.rel.dtors)

.rela.dtors
 *(.rela.dtors)

.rel.got
 *(.rel.got)

.rela.got
 *(.rela.got)

.rel.bss
 *(.rel.bss)

.rela.bss
 *(.rela.bss)

.rel.plt
 *(.rel.plt)

.rela.plt
 *(.rela.plt)

.text           0x00000000     0x11de
 *(.vectors)
 .vectors       0x00000000       0x26 c:/winavr-20100110/bin/../lib/gcc/avr/4.3.3/../../../../avr/lib/avr4/crtm8.o
                0x00000000                __vectors
                0x00000000                __vector_default
 *(.vectors)
 *(.progmem.gcc*)
 *(.progmem*)
                0x00000026                . = ALIGN (0x2)
                0x00000026                __trampolines_start = .
 *(.trampolines)
 .trampolines   0x00000026        0x0 linker stubs
 *(.trampolines*)
                0x00000026                __trampolines_end = .
 *(.jumptables)
 *(.jumptables*)
 *(.lowtext)
 *(.lowtext*)
                0x00000026                __ctors_start = .
 *(.ctors)
                0x00000026                __ctors_end = .
                0x00000026                __dtors_start = .
 *(.dtors)
                0x00000026                __dtors_end = .
 SORT(*)(.ctors)
 SORT(*)(.dtors)
 *(.init0)
 .init0         0x00000026        0x0 c:/winavr-20100110/bin/../lib/gcc/avr/4.3.3/../../../../avr/lib/avr4/crtm8.o
                0x00000026                __init
 *(.init0)
 *(.init1)
 *(.init1)
 *(.init2)
 .init2         0x00000026        0xc c:/winavr-20100110/bin/../lib/gcc/avr/4.3.3/../../../../avr/lib/avr4/crtm8.o
 *(.init2)
 *(.init3)
 *(.init3)
 *(.init4)
 .init4         0x00000032       0x16 c:/winavr-20100110/bin/../lib/gcc/avr/4.3.3/avr4\libgcc.a(_copy_data.o)
                0x00000032                __do_copy_data
 .init4         0x00000048       0x10 c:/winavr-20100110/bin/../lib/gcc/avr/4.3.3/avr4\libgcc.a(_clear_bss.o)
                0x00000048                __do_clear_bss
 *(.init4)
 *(.init5)
 *(.init5)
 *(.init6)
 *(.init6)
 *(.init7)
 *(.init7)
 *(.init8)
 *(.init8)
 *(.init9)
 .init9         0x00000058        0x4 c:/winavr-20100110/bin/../lib/gcc/avr/4.3.3/../../../../avr/lib/avr4/crtm8.o
 *(.init9)
 *(.text)
 .text          0x0000005c        0x2 c:/winavr-20100110/bin/../lib/gcc/avr/4.3.3/../../../../avr/lib/avr4/crtm8.o
                0x0000005c                __vector_12
                0x0000005c                __bad_interrupt
                0x0000005c                __vector_6
                0x0000005c                __vector_3
                0x0000005c                __vector_7
                0x0000005c                __vector_2
                0x0000005c                __vector_15
                0x0000005c                __vector_14
                0x0000005c                __vector_10
                0x0000005c                __vector_18
 .text          0x0000005e      0x55c main.o
                0x000000ca                SollwertErmittlung
                0x000001e2                Anwerfen
                0x000000a8                PWM_Init
                0x000000bc                Wait
                0x000002ca                main
                0x0000005e                SetPWM
                0x000001a4                DebugAusgaben
 .text          0x000005ba      0x256 uart.o
                0x000007b0                WriteProgramData
                0x000007e6                UART_Init
                0x0000061c                __vector_11
                0x000005ba                __vector_13
                0x000005ce                SendUart
                0x00000670                AddCRC
                0x000007b2                DatenUebertragung
                0x000006cc                SendOutData
                0x00000796                uart_putchar
 .text          0x00000810       0xe6 timer0.o
                0x000008a4                SetDelay
                0x000008b8                CheckDelay
                0x000008cc                Delay_ms
                0x00000810                __vector_9
                0x00000892                Timer0_Init
 .text          0x000008f6       0x80 analog.o
                0x00000902                AdConvert
                0x000008f6                ADC_Init
 .text          0x00000976      0x176 PPM_Decode.o
                0x00000ace                __vector_1
                0x000009b2                __vector_5
                0x00000976                InitPPM
                0x00000990                __vector_8
 .text          0x00000aec       0xac twislave.o
                0x00000af6                __vector_17
                0x00000aec                InitIC2_Slave
 .text          0x00000b98      0x2dc BLMC.o
                0x00000bac                Manuell
                0x00000b98                __vector_4
                0x00000c72                __vector_16
 .text          0x00000e74        0x0 c:/winavr-20100110/bin/../lib/gcc/avr/4.3.3/avr4\libgcc.a(_udivmodqi4.o)
 .text          0x00000e74        0x0 c:/winavr-20100110/bin/../lib/gcc/avr/4.3.3/avr4\libgcc.a(_udivmodhi4.o)
 .text          0x00000e74        0x0 c:/winavr-20100110/bin/../lib/gcc/avr/4.3.3/avr4\libgcc.a(_udivmodsi4.o)
 .text          0x00000e74        0x0 c:/winavr-20100110/bin/../lib/gcc/avr/4.3.3/avr4\libgcc.a(_exit.o)
 .text          0x00000e74        0x0 c:/winavr-20100110/bin/../lib/gcc/avr/4.3.3/avr4\libgcc.a(_copy_data.o)
 .text          0x00000e74        0x0 c:/winavr-20100110/bin/../lib/gcc/avr/4.3.3/avr4\libgcc.a(_clear_bss.o)
 .text          0x00000e74        0x0 c:/winavr-20100110/bin/../lib/gcc/avr/4.3.3/../../../../avr/lib/avr4\libc.a(fdevopen.o)
 .text          0x00000e74        0x0 c:/winavr-20100110/bin/../lib/gcc/avr/4.3.3/../../../../avr/lib/avr4\libc.a(iob.o)
 .text          0x00000e74        0x0 c:/winavr-20100110/bin/../lib/gcc/avr/4.3.3/../../../../avr/lib/avr4\libc.a(calloc.o)
 .text          0x00000e74        0x0 c:/winavr-20100110/bin/../lib/gcc/avr/4.3.3/../../../../avr/lib/avr4\libc.a(malloc.o)
 .text          0x00000e74        0x0 c:/winavr-20100110/bin/../lib/gcc/avr/4.3.3/../../../../avr/lib/avr4\libc.a(memset.o)
                0x00000e74                . = ALIGN (0x2)
 *(.text.*)
 .text.libgcc   0x00000e74       0x18 c:/winavr-20100110/bin/../lib/gcc/avr/4.3.3/avr4\libgcc.a(_udivmodqi4.o)
                0x00000e74                __udivmodqi4
 .text.libgcc   0x00000e8c       0x28 c:/winavr-20100110/bin/../lib/gcc/avr/4.3.3/avr4\libgcc.a(_udivmodhi4.o)
                0x00000e8c                __udivmodhi4
 .text.libgcc   0x00000eb4       0x44 c:/winavr-20100110/bin/../lib/gcc/avr/4.3.3/avr4\libgcc.a(_udivmodsi4.o)
                0x00000eb4                __udivmodsi4
 .text.libgcc   0x00000ef8        0x0 c:/winavr-20100110/bin/../lib/gcc/avr/4.3.3/avr4\libgcc.a(_exit.o)
 .text.libgcc   0x00000ef8        0x0 c:/winavr-20100110/bin/../lib/gcc/avr/4.3.3/avr4\libgcc.a(_copy_data.o)
 .text.libgcc   0x00000ef8        0x0 c:/winavr-20100110/bin/../lib/gcc/avr/4.3.3/avr4\libgcc.a(_clear_bss.o)
 .text.avr-libc
                0x00000ef8       0x96 c:/winavr-20100110/bin/../lib/gcc/avr/4.3.3/../../../../avr/lib/avr4\libc.a(fdevopen.o)
                0x00000ef8                fdevopen
 .text.avr-libc
                0x00000f8e       0x34 c:/winavr-20100110/bin/../lib/gcc/avr/4.3.3/../../../../avr/lib/avr4\libc.a(calloc.o)
                0x00000f8e                calloc
 .text.avr-libc
                0x00000fc2      0x20a c:/winavr-20100110/bin/../lib/gcc/avr/4.3.3/../../../../avr/lib/avr4\libc.a(malloc.o)
                0x00000fc2                malloc
                0x0000111c                free
 .text.avr-libc
                0x000011cc        0xe c:/winavr-20100110/bin/../lib/gcc/avr/4.3.3/../../../../avr/lib/avr4\libc.a(memset.o)
                0x000011cc                memset
                0x000011da                . = ALIGN (0x2)
 *(.fini9)
 .fini9         0x000011da        0x0 c:/winavr-20100110/bin/../lib/gcc/avr/4.3.3/avr4\libgcc.a(_exit.o)
                0x000011da                exit
                0x000011da                _exit
 *(.fini9)
 *(.fini8)
 *(.fini8)
 *(.fini7)
 *(.fini7)
 *(.fini6)
 *(.fini6)
 *(.fini5)
 *(.fini5)
 *(.fini4)
 *(.fini4)
 *(.fini3)
 *(.fini3)
 *(.fini2)
 *(.fini2)
 *(.fini1)
 *(.fini1)
 *(.fini0)
 .fini0         0x000011da        0x4 c:/winavr-20100110/bin/../lib/gcc/avr/4.3.3/avr4\libgcc.a(_exit.o)
 *(.fini0)
                0x000011de                _etext = .

.data           0x00800060       0x10 load address 0x000011de
                0x00800060                PROVIDE (__data_start, .)
 *(.data)
 .data          0x00800060        0x0 c:/winavr-20100110/bin/../lib/gcc/avr/4.3.3/../../../../avr/lib/avr4/crtm8.o
 .data          0x00800060        0x6 main.o
                0x00800062                ZeitFuerBerechnungen
                0x00800064                MaxPWM
                0x00800060                KommutierDelay
                0x00800065                ZeitZumAdWandeln
                0x00800063                MotorGestoppt
 .data          0x00800066        0x2 uart.o
                0x00800066                UebertragungAbgeschlossen
 .data          0x00800068        0x0 timer0.o
 .data          0x00800068        0x0 analog.o
 .data          0x00800068        0x0 PPM_Decode.o
 .data          0x00800068        0x0 twislave.o
 .data          0x00800068        0x1 BLMC.o
                0x00800068                CompFreigabeTimer
 .data          0x00800069        0x0 c:/winavr-20100110/bin/../lib/gcc/avr/4.3.3/avr4\libgcc.a(_udivmodqi4.o)
 .data          0x00800069        0x0 c:/winavr-20100110/bin/../lib/gcc/avr/4.3.3/avr4\libgcc.a(_udivmodhi4.o)
 .data          0x00800069        0x0 c:/winavr-20100110/bin/../lib/gcc/avr/4.3.3/avr4\libgcc.a(_udivmodsi4.o)
 .data          0x00800069        0x0 c:/winavr-20100110/bin/../lib/gcc/avr/4.3.3/avr4\libgcc.a(_exit.o)
 .data          0x00800069        0x0 c:/winavr-20100110/bin/../lib/gcc/avr/4.3.3/avr4\libgcc.a(_copy_data.o)
 .data          0x00800069        0x0 c:/winavr-20100110/bin/../lib/gcc/avr/4.3.3/avr4\libgcc.a(_clear_bss.o)
 .data          0x00800069        0x0 c:/winavr-20100110/bin/../lib/gcc/avr/4.3.3/../../../../avr/lib/avr4\libc.a(fdevopen.o)
 .data          0x00800069        0x0 c:/winavr-20100110/bin/../lib/gcc/avr/4.3.3/../../../../avr/lib/avr4\libc.a(iob.o)
 .data          0x00800069        0x0 c:/winavr-20100110/bin/../lib/gcc/avr/4.3.3/../../../../avr/lib/avr4\libc.a(calloc.o)
 .data          0x00800069        0x6 c:/winavr-20100110/bin/../lib/gcc/avr/4.3.3/../../../../avr/lib/avr4\libc.a(malloc.o)
                0x0080006b                __malloc_heap_start
                0x0080006d                __malloc_heap_end
                0x00800069                __malloc_margin
 .data          0x0080006f        0x0 c:/winavr-20100110/bin/../lib/gcc/avr/4.3.3/../../../../avr/lib/avr4\libc.a(memset.o)
 *(.data*)
 *(.rodata)
 *(.rodata*)
 *(.gnu.linkonce.d*)
                0x00800070                . = ALIGN (0x2)
 *fill*         0x0080006f        0x1 00
                0x00800070                _edata = .
                0x00800070                PROVIDE (__data_end, .)

.bss            0x00800070      0x323
                0x00800070                PROVIDE (__bss_start, .)
 *(.bss)
 .bss           0x00800070        0x0 c:/winavr-20100110/bin/../lib/gcc/avr/4.3.3/../../../../avr/lib/avr4/crtm8.o
 .bss           0x00800070       0x16 main.o
                0x0080007d                IstDrehzahl
                0x00800078                I2C_Timeout
                0x00800074                Strom_max
                0x00800072                Strom
                0x0080007f                MotorAnwerfen
                0x0080007b                SollDrehzahl
                0x00800076                Drehzahl
                0x0080007a                SIO_Timeout
                0x00800070                PWM
                0x00800075                Mittelstrom
                0x00800080                CntKommutierungen
                0x00800082                SIO_Drehzahl
 .bss           0x00800086        0x5 uart.o
                0x00800087                SioTmp
                0x00800086                SIO_Sollwert
                0x00800088                NeuerDatensatzEmpfangen
 .bss           0x0080008b        0x3 timer0.o
                0x0080008b                CountMilliseconds
 .bss           0x0080008e        0x0 analog.o
 .bss           0x0080008e        0x8 PPM_Decode.o
                0x00800090                Timer1Overflow
                0x00800091                PPM_Timeout
                0x0080008e                PPM_Signal
 .bss           0x00800096        0x1 twislave.o
                0x00800096                Byte_Counter
 .bss           0x00800097        0x3 BLMC.o
                0x00800099                CompInterruptFreigabe
                0x00800098                ShadowTCCR1A
                0x00800097                Phase
 .bss           0x0080009a        0x0 c:/winavr-20100110/bin/../lib/gcc/avr/4.3.3/avr4\libgcc.a(_udivmodqi4.o)
 .bss           0x0080009a        0x0 c:/winavr-20100110/bin/../lib/gcc/avr/4.3.3/avr4\libgcc.a(_udivmodhi4.o)
 .bss           0x0080009a        0x0 c:/winavr-20100110/bin/../lib/gcc/avr/4.3.3/avr4\libgcc.a(_udivmodsi4.o)
 .bss           0x0080009a        0x0 c:/winavr-20100110/bin/../lib/gcc/avr/4.3.3/avr4\libgcc.a(_exit.o)
 .bss           0x0080009a        0x0 c:/winavr-20100110/bin/../lib/gcc/avr/4.3.3/avr4\libgcc.a(_copy_data.o)
 .bss           0x0080009a        0x0 c:/winavr-20100110/bin/../lib/gcc/avr/4.3.3/avr4\libgcc.a(_clear_bss.o)
 .bss           0x0080009a        0x0 c:/winavr-20100110/bin/../lib/gcc/avr/4.3.3/../../../../avr/lib/avr4\libc.a(fdevopen.o)
 .bss           0x0080009a        0x0 c:/winavr-20100110/bin/../lib/gcc/avr/4.3.3/../../../../avr/lib/avr4\libc.a(iob.o)
 .bss           0x0080009a        0x0 c:/winavr-20100110/bin/../lib/gcc/avr/4.3.3/../../../../avr/lib/avr4\libc.a(calloc.o)
 .bss           0x0080009a        0x0 c:/winavr-20100110/bin/../lib/gcc/avr/4.3.3/../../../../avr/lib/avr4\libc.a(malloc.o)
 .bss           0x0080009a        0x0 c:/winavr-20100110/bin/../lib/gcc/avr/4.3.3/../../../../avr/lib/avr4\libc.a(memset.o)
 *(.bss*)
 *(COMMON)
 COMMON         0x0080009a      0x200 main.o
                0x0080009a                DrehZahlTabelle
 COMMON         0x0080029a       0xed uart.o
                0x0080029a                MeineSlaveAdresse
                0x0080029b                SendeBuffer
                0x008002ff                Debug_Timer
                0x00800301                RxdBuffer
                0x00800365                DebugOut
 COMMON         0x00800387        0x1 timer0.o
                0x00800387                Timer0Overflow
 COMMON         0x00800388        0x1 twislave.o
                0x00800388                I2C_RXBuffer
 COMMON         0x00800389        0x6 c:/winavr-20100110/bin/../lib/gcc/avr/4.3.3/../../../../avr/lib/avr4\libc.a(iob.o)
                0x00800389                __iob
 COMMON         0x0080038f        0x4 c:/winavr-20100110/bin/../lib/gcc/avr/4.3.3/../../../../avr/lib/avr4\libc.a(malloc.o)
                0x0080038f                __brkval
                0x00800391                __flp
                0x00800393                PROVIDE (__bss_end, .)
                0x000011de                __data_load_start = LOADADDR (.data)
                0x000011ee                __data_load_end = (__data_load_start + SIZEOF (.data))

.noinit         0x00800393        0x0
                0x00800393                PROVIDE (__noinit_start, .)
 *(.noinit*)
                0x00800393                PROVIDE (__noinit_end, .)
                0x00800393                _end = .
                0x00800393                PROVIDE (__heap_start, .)

.eeprom         0x00810000        0x0
 *(.eeprom*)
                0x00810000                __eeprom_end = .

.fuse
 *(.fuse)
 *(.lfuse)
 *(.hfuse)
 *(.efuse)

.lock
 *(.lock*)

.signature
 *(.signature*)

.stab
 *(.stab)

.stabstr
 *(.stabstr)

.stab.excl
 *(.stab.excl)

.stab.exclstr
 *(.stab.exclstr)

.stab.index
 *(.stab.index)

.stab.indexstr
 *(.stab.indexstr)

.comment
 *(.comment)

.debug
 *(.debug)

.line
 *(.line)

.debug_srcinfo
 *(.debug_srcinfo)

.debug_sfnames
 *(.debug_sfnames)

.debug_aranges  0x00000000       0xe0
 *(.debug_aranges)
 .debug_aranges
                0x00000000       0x20 main.o
 .debug_aranges
                0x00000020       0x20 uart.o
 .debug_aranges
                0x00000040       0x20 timer0.o
 .debug_aranges
                0x00000060       0x20 analog.o
 .debug_aranges
                0x00000080       0x20 PPM_Decode.o
 .debug_aranges
                0x000000a0       0x20 twislave.o
 .debug_aranges
                0x000000c0       0x20 BLMC.o

.debug_pubnames
                0x00000000      0x4f1
 *(.debug_pubnames)
 .debug_pubnames
                0x00000000      0x19b main.o
 .debug_pubnames
                0x0000019b      0x14b uart.o
 .debug_pubnames
                0x000002e6       0x83 timer0.o
 .debug_pubnames
                0x00000369       0x2d analog.o
 .debug_pubnames
                0x00000396       0x7d PPM_Decode.o
 .debug_pubnames
                0x00000413       0x56 twislave.o
 .debug_pubnames
                0x00000469       0x88 BLMC.o

.debug_info     0x00000000      0xe3e
 *(.debug_info)
 .debug_info    0x00000000      0x47f main.o
 .debug_info    0x0000047f      0x390 uart.o
 .debug_info    0x0000080f      0x210 timer0.o
 .debug_info    0x00000a1f       0xd1 analog.o
 .debug_info    0x00000af0      0x12f PPM_Decode.o
 .debug_info    0x00000c1f       0xfd twislave.o
 .debug_info    0x00000d1c      0x122 BLMC.o
 *(.gnu.linkonce.wi.*)

.debug_abbrev   0x00000000      0x67f
 *(.debug_abbrev)
 .debug_abbrev  0x00000000      0x19f main.o
 .debug_abbrev  0x0000019f      0x152 uart.o
 .debug_abbrev  0x000002f1      0x126 timer0.o
 .debug_abbrev  0x00000417       0x8e analog.o
 .debug_abbrev  0x000004a5       0xa6 PPM_Decode.o
 .debug_abbrev  0x0000054b       0x9d twislave.o
 .debug_abbrev  0x000005e8       0x97 BLMC.o

.debug_line     0x00000000      0xf8a
 *(.debug_line)
 .debug_line    0x00000000      0x585 main.o
 .debug_line    0x00000585      0x27e uart.o
 .debug_line    0x00000803      0x12c timer0.o
 .debug_line    0x0000092f       0xfc analog.o
 .debug_line    0x00000a2b      0x138 PPM_Decode.o
 .debug_line    0x00000b63      0x127 twislave.o
 .debug_line    0x00000c8a      0x300 BLMC.o

.debug_frame    0x00000000      0x270
 *(.debug_frame)
 .debug_frame   0x00000000       0x80 main.o
 .debug_frame   0x00000080       0xa0 uart.o
 .debug_frame   0x00000120       0x60 timer0.o
 .debug_frame   0x00000180       0x30 analog.o
 .debug_frame   0x000001b0       0x50 PPM_Decode.o
 .debug_frame   0x00000200       0x30 twislave.o
 .debug_frame   0x00000230       0x40 BLMC.o

.debug_str      0x00000000      0x54b
 *(.debug_str)
 .debug_str     0x00000000      0x2d3 main.o
                                0x32d (size before relaxing)
 .debug_str     0x000002d3       0xf6 uart.o
                                0x243 (size before relaxing)
 .debug_str     0x000003c9       0x94 timer0.o
                                0x18d (size before relaxing)
 .debug_str     0x0000045d       0x22 analog.o
                                0x107 (size before relaxing)
 .debug_str     0x0000047f       0x4d PPM_Decode.o
                                0x14a (size before relaxing)
 .debug_str     0x000004cc       0x3a twislave.o
                                0x13b (size before relaxing)
 .debug_str     0x00000506       0x45 BLMC.o
                                0x15f (size before relaxing)

.debug_loc      0x00000000      0x3a5
 *(.debug_loc)
 .debug_loc     0x00000000      0x15f main.o
 .debug_loc     0x0000015f      0x1c5 uart.o
 .debug_loc     0x00000324       0x48 timer0.o
 .debug_loc     0x0000036c       0x13 analog.o
 .debug_loc     0x0000037f       0x13 twislave.o
 .debug_loc     0x00000392       0x13 BLMC.o

.debug_macinfo
 *(.debug_macinfo)
OUTPUT(BrushLess-Ctrl_V0_31.elf elf32-avr)
LOAD linker stubs

Cross Reference Table

Symbol                                            File
ADC_Init                                          analog.o
AdConvert                                         analog.o
                                                  BLMC.o
                                                  main.o
AddCRC                                            uart.o
Anwerfen                                          main.o
Byte_Counter                                      twislave.o
CheckDelay                                        timer0.o
                                                  uart.o
                                                  main.o
CntKommutierungen                                 main.o
                                                  BLMC.o
CompFreigabeTimer                                 BLMC.o
CompInterruptFreigabe                             BLMC.o
                                                  main.o
CountMilliseconds                                 timer0.o
DatenUebertragung                                 uart.o
                                                  main.o
DebugAusgaben                                     main.o
DebugOut                                          uart.o
                                                  main.o
Debug_Timer                                       uart.o
Delay_ms                                          timer0.o
                                                  main.o
DrehZahlTabelle                                   main.o
Drehzahl                                          main.o
I2C_RXBuffer                                      twislave.o
                                                  main.o
I2C_Timeout                                       main.o
                                                  twislave.o
                                                  timer0.o
InitIC2_Slave                                     twislave.o
                                                  main.o
InitPPM                                           PPM_Decode.o
                                                  main.o
IstDrehzahl                                       main.o
KommutierDelay                                    main.o
Manuell                                           BLMC.o
                                                  main.o
MaxPWM                                            main.o
                                                  twislave.o
MeineSlaveAdresse                                 uart.o
Mittelstrom                                       main.o
                                                  twislave.o
MotorAnwerfen                                     main.o
MotorGestoppt                                     main.o
NeuerDatensatzEmpfangen                           uart.o
PPM_Signal                                        PPM_Decode.o
                                                  main.o
PPM_Timeout                                       PPM_Decode.o
                                                  timer0.o
                                                  main.o
PWM                                               main.o
PWM_Init                                          main.o
Phase                                             BLMC.o
                                                  main.o
RxdBuffer                                         uart.o
SIO_Drehzahl                                      main.o
SIO_Sollwert                                      uart.o
                                                  main.o
SIO_Timeout                                       main.o
                                                  timer0.o
                                                  uart.o
SendOutData                                       uart.o
SendUart                                          uart.o
                                                  main.o
SendeBuffer                                       uart.o
SetDelay                                          timer0.o
                                                  uart.o
                                                  main.o
SetPWM                                            main.o
ShadowTCCR1A                                      BLMC.o
SioTmp                                            uart.o
SollDrehzahl                                      main.o
SollwertErmittlung                                main.o
Strom                                             main.o
                                                  analog.o
Strom_max                                         main.o
                                                  analog.o
Timer0Overflow                                    timer0.o
Timer0_Init                                       timer0.o
                                                  main.o
Timer1Overflow                                    PPM_Decode.o
UART_Init                                         uart.o
                                                  main.o
UebertragungAbgeschlossen                         uart.o
                                                  main.o
Wait                                              main.o
WriteProgramData                                  uart.o
ZeitFuerBerechnungen                              main.o
ZeitZumAdWandeln                                  main.o
                                                  BLMC.o
                                                  PPM_Decode.o
__bad_interrupt                                   c:/winavr-20100110/bin/../lib/gcc/avr/4.3.3/../../../../avr/lib/avr4/crtm8.o
__brkval                                          c:/winavr-20100110/bin/../lib/gcc/avr/4.3.3/../../../../avr/lib/avr4\libc.a(malloc.o)
__bss_end                                         c:/winavr-20100110/bin/../lib/gcc/avr/4.3.3/avr4\libgcc.a(_clear_bss.o)
__bss_start                                       c:/winavr-20100110/bin/../lib/gcc/avr/4.3.3/avr4\libgcc.a(_clear_bss.o)
__data_end                                        c:/winavr-20100110/bin/../lib/gcc/avr/4.3.3/avr4\libgcc.a(_copy_data.o)
__data_load_start                                 c:/winavr-20100110/bin/../lib/gcc/avr/4.3.3/avr4\libgcc.a(_copy_data.o)
__data_start                                      c:/winavr-20100110/bin/../lib/gcc/avr/4.3.3/avr4\libgcc.a(_copy_data.o)
__do_clear_bss                                    c:/winavr-20100110/bin/../lib/gcc/avr/4.3.3/avr4\libgcc.a(_clear_bss.o)
                                                  c:/winavr-20100110/bin/../lib/gcc/avr/4.3.3/../../../../avr/lib/avr4\libc.a(malloc.o)
                                                  c:/winavr-20100110/bin/../lib/gcc/avr/4.3.3/../../../../avr/lib/avr4\libc.a(iob.o)
                                                  BLMC.o
                                                  twislave.o
                                                  PPM_Decode.o
                                                  timer0.o
                                                  uart.o
                                                  main.o
__do_copy_data                                    c:/winavr-20100110/bin/../lib/gcc/avr/4.3.3/avr4\libgcc.a(_copy_data.o)
                                                  c:/winavr-20100110/bin/../lib/gcc/avr/4.3.3/../../../../avr/lib/avr4\libc.a(malloc.o)
                                                  BLMC.o
                                                  uart.o
                                                  main.o
__flp                                             c:/winavr-20100110/bin/../lib/gcc/avr/4.3.3/../../../../avr/lib/avr4\libc.a(malloc.o)
__heap_end                                        c:/winavr-20100110/bin/../lib/gcc/avr/4.3.3/../../../../avr/lib/avr4/crtm8.o
                                                  c:/winavr-20100110/bin/../lib/gcc/avr/4.3.3/../../../../avr/lib/avr4\libc.a(malloc.o)
__heap_start                                      c:/winavr-20100110/bin/../lib/gcc/avr/4.3.3/../../../../avr/lib/avr4\libc.a(malloc.o)
__init                                            c:/winavr-20100110/bin/../lib/gcc/avr/4.3.3/../../../../avr/lib/avr4/crtm8.o
__iob                                             c:/winavr-20100110/bin/../lib/gcc/avr/4.3.3/../../../../avr/lib/avr4\libc.a(iob.o)
                                                  c:/winavr-20100110/bin/../lib/gcc/avr/4.3.3/../../../../avr/lib/avr4\libc.a(fdevopen.o)
__malloc_heap_end                                 c:/winavr-20100110/bin/../lib/gcc/avr/4.3.3/../../../../avr/lib/avr4\libc.a(malloc.o)
__malloc_heap_start                               c:/winavr-20100110/bin/../lib/gcc/avr/4.3.3/../../../../avr/lib/avr4\libc.a(malloc.o)
__malloc_margin                                   c:/winavr-20100110/bin/../lib/gcc/avr/4.3.3/../../../../avr/lib/avr4\libc.a(malloc.o)
__stack                                           c:/winavr-20100110/bin/../lib/gcc/avr/4.3.3/../../../../avr/lib/avr4/crtm8.o
__udivmodhi4                                      c:/winavr-20100110/bin/../lib/gcc/avr/4.3.3/avr4\libgcc.a(_udivmodhi4.o)
                                                  main.o
__udivmodqi4                                      c:/winavr-20100110/bin/../lib/gcc/avr/4.3.3/avr4\libgcc.a(_udivmodqi4.o)
                                                  main.o
__udivmodsi4                                      c:/winavr-20100110/bin/../lib/gcc/avr/4.3.3/avr4\libgcc.a(_udivmodsi4.o)
                                                  main.o
__vector_1                                        PPM_Decode.o
                                                  c:/winavr-20100110/bin/../lib/gcc/avr/4.3.3/../../../../avr/lib/avr4/crtm8.o
__vector_10                                       c:/winavr-20100110/bin/../lib/gcc/avr/4.3.3/../../../../avr/lib/avr4/crtm8.o
__vector_11                                       uart.o
                                                  c:/winavr-20100110/bin/../lib/gcc/avr/4.3.3/../../../../avr/lib/avr4/crtm8.o
__vector_12                                       c:/winavr-20100110/bin/../lib/gcc/avr/4.3.3/../../../../avr/lib/avr4/crtm8.o
__vector_13                                       uart.o
                                                  c:/winavr-20100110/bin/../lib/gcc/avr/4.3.3/../../../../avr/lib/avr4/crtm8.o
__vector_14                                       c:/winavr-20100110/bin/../lib/gcc/avr/4.3.3/../../../../avr/lib/avr4/crtm8.o
__vector_15                                       c:/winavr-20100110/bin/../lib/gcc/avr/4.3.3/../../../../avr/lib/avr4/crtm8.o
__vector_16                                       BLMC.o
                                                  c:/winavr-20100110/bin/../lib/gcc/avr/4.3.3/../../../../avr/lib/avr4/crtm8.o
__vector_17                                       twislave.o
                                                  c:/winavr-20100110/bin/../lib/gcc/avr/4.3.3/../../../../avr/lib/avr4/crtm8.o
__vector_18                                       c:/winavr-20100110/bin/../lib/gcc/avr/4.3.3/../../../../avr/lib/avr4/crtm8.o
__vector_2                                        c:/winavr-20100110/bin/../lib/gcc/avr/4.3.3/../../../../avr/lib/avr4/crtm8.o
__vector_3                                        c:/winavr-20100110/bin/../lib/gcc/avr/4.3.3/../../../../avr/lib/avr4/crtm8.o
__vector_4                                        BLMC.o
                                                  c:/winavr-20100110/bin/../lib/gcc/avr/4.3.3/../../../../avr/lib/avr4/crtm8.o
__vector_5                                        PPM_Decode.o
                                                  c:/winavr-20100110/bin/../lib/gcc/avr/4.3.3/../../../../avr/lib/avr4/crtm8.o
__vector_6                                        c:/winavr-20100110/bin/../lib/gcc/avr/4.3.3/../../../../avr/lib/avr4/crtm8.o
__vector_7                                        c:/winavr-20100110/bin/../lib/gcc/avr/4.3.3/../../../../avr/lib/avr4/crtm8.o
__vector_8                                        PPM_Decode.o
                                                  c:/winavr-20100110/bin/../lib/gcc/avr/4.3.3/../../../../avr/lib/avr4/crtm8.o
__vector_9                                        timer0.o
                                                  c:/winavr-20100110/bin/../lib/gcc/avr/4.3.3/../../../../avr/lib/avr4/crtm8.o
__vector_default                                  c:/winavr-20100110/bin/../lib/gcc/avr/4.3.3/../../../../avr/lib/avr4/crtm8.o
__vectors                                         c:/winavr-20100110/bin/../lib/gcc/avr/4.3.3/../../../../avr/lib/avr4/crtm8.o
_exit                                             c:/winavr-20100110/bin/../lib/gcc/avr/4.3.3/avr4\libgcc.a(_exit.o)
calloc                                            c:/winavr-20100110/bin/../lib/gcc/avr/4.3.3/../../../../avr/lib/avr4\libc.a(calloc.o)
                                                  c:/winavr-20100110/bin/../lib/gcc/avr/4.3.3/../../../../avr/lib/avr4\libc.a(fdevopen.o)
exit                                              c:/winavr-20100110/bin/../lib/gcc/avr/4.3.3/avr4\libgcc.a(_exit.o)
                                                  c:/winavr-20100110/bin/../lib/gcc/avr/4.3.3/../../../../avr/lib/avr4/crtm8.o
fdevopen                                          c:/winavr-20100110/bin/../lib/gcc/avr/4.3.3/../../../../avr/lib/avr4\libc.a(fdevopen.o)
                                                  uart.o
free                                              c:/winavr-20100110/bin/../lib/gcc/avr/4.3.3/../../../../avr/lib/avr4\libc.a(malloc.o)
main                                              main.o
                                                  c:/winavr-20100110/bin/../lib/gcc/avr/4.3.3/../../../../avr/lib/avr4/crtm8.o
malloc                                            c:/winavr-20100110/bin/../lib/gcc/avr/4.3.3/../../../../avr/lib/avr4\libc.a(malloc.o)
                                                  c:/winavr-20100110/bin/../lib/gcc/avr/4.3.3/../../../../avr/lib/avr4\libc.a(calloc.o)
memset                                            c:/winavr-20100110/bin/../lib/gcc/avr/4.3.3/../../../../avr/lib/avr4\libc.a(memset.o)
                                                  c:/winavr-20100110/bin/../lib/gcc/avr/4.3.3/../../../../avr/lib/avr4\libc.a(calloc.o)
uart_putchar                                      uart.o
